40 geometries, h = 0.0500, cut range [1.17e-04, 8.78e-02]

s=min|phi|/h theta=minV/h2 |  phi-FD L2  phi-FD kap |     cut L2   cut kappa
   1.171e-04     1.300e-08 |  1.183e-02   4.199e+03 |  4.889e-03   4.849e+04
   2.148e-04     1.804e-07 |  1.070e-02   4.133e+03 |  7.902e-03   1.255e+04
   3.969e-04     9.985e-07 |  6.918e-03   4.152e+03 |  3.413e-03   4.054e+03
   4.903e-04     9.766e-08 |  6.320e-03   4.174e+03 |  5.025e-03   1.780e+04
   5.669e-04     1.149e-06 |  7.508e-03   4.359e+03 |  5.338e-03   4.263e+03
   8.008e-04     2.355e-07 |  7.592e-03   4.153e+03 |  6.583e-03   1.106e+04
   1.202e-03     7.073e-06 |  8.792e-03   4.304e+03 |  6.105e-03   3.651e+03
   1.410e-03     9.318e-07 |  7.451e-03   4.321e+03 |  6.594e-03   5.855e+03
   1.839e-03     7.359e-06 |  7.395e-03   4.148e+03 |  4.978e-03   3.653e+03
   2.119e-03     1.414e-06 |  1.149e-02   4.135e+03 |  2.463e-03   4.487e+03
   2.345e-03     5.970e-06 |  1.199e-02   4.332e+03 |  5.027e-03   3.601e+03
   2.769e-03     1.664e-05 |  7.773e-03   4.088e+03 |  7.029e-03   3.621e+03
   3.493e-03     2.686e-04 |  1.212e-02   4.249e+03 |  6.544e-03   3.526e+03
   3.914e-03     7.492e-05 |  1.207e-02   4.419e+03 |  4.426e-03   3.679e+03
   4.356e-03     1.508e-04 |  8.147e-03   4.289e+03 |  4.617e-03   3.710e+03
   4.851e-03     2.062e-04 |  6.847e-03   4.556e+03 |  4.487e-03   3.704e+03
   5.615e-03     2.216e-05 |  7.584e-03   4.227e+03 |  3.985e-03   3.605e+03
   6.206e-03     3.649e-05 |  7.381e-03   4.245e+03 |  3.452e-03   3.595e+03
   7.044e-03     1.969e-05 |  9.333e-03   4.101e+03 |  3.370e-03   3.590e+03
   7.885e-03     2.882e-04 |  8.245e-03   4.271e+03 |  5.888e-03   3.649e+03
   8.412e-03     8.645e-05 |  1.325e-02   4.147e+03 |  4.125e-03   3.595e+03
   9.484e-03     2.659e-04 |  1.111e-02   4.269e+03 |  6.152e-03   3.534e+03
   1.134e-02     4.335e-04 |  7.216e-03   4.321e+03 |  4.367e-03   3.586e+03
   1.294e-02     2.666e-04 |  1.165e-02   4.094e+03 |  4.627e-03   3.576e+03
   1.467e-02     1.353e-03 |  7.565e-03   4.164e+03 |  3.305e-03   3.722e+03
   1.661e-02     4.951e-04 |  1.273e-02   4.195e+03 |  6.271e-03   3.520e+03
   1.806e-02     3.575e-03 |  1.093e-02   4.493e+03 |  4.342e-03   3.656e+03
   2.122e-02     4.699e-04 |  8.435e-03   4.267e+03 |  5.728e-03   3.643e+03
   2.372e-02     3.956e-04 |  7.423e-03   4.344e+03 |  4.613e-03   3.588e+03
   2.644e-02     3.492e-03 |  1.114e-02   4.311e+03 |  4.717e-03   3.689e+03
   3.042e-02     8.770e-04 |  1.289e-02   4.310e+03 |  4.172e-03   3.695e+03
   3.287e-02     2.217e-03 |  7.915e-03   4.237e+03 |  7.290e-03   3.535e+03
   3.703e-02     1.002e-03 |  1.125e-02   4.123e+03 |  5.371e-03   3.557e+03
   4.233e-02     9.274e-03 |  1.037e-02   4.355e+03 |  5.690e-03   3.602e+03
   4.837e-02     2.739e-03 |  8.682e-03   4.267e+03 |  6.030e-03   3.566e+03
   5.380e-02     1.671e-03 |  1.047e-02   4.330e+03 |  4.828e-03   3.533e+03
   6.392e-02     1.297e-02 |  1.382e-02   4.418e+03 |  6.124e-03   3.524e+03
   7.086e-02     6.362e-03 |  7.971e-03   4.269e+03 |  4.449e-03   3.590e+03
   7.563e-02     4.138e-03 |  1.150e-02   4.161e+03 |  5.814e-03   3.536e+03
   8.776e-02     1.089e-02 |  7.262e-03   4.212e+03 |  6.701e-03   3.575e+03

                         min         max   max/min  slope in s  slope in theta
      phi-FD  L2   6.320e-03   1.382e-02      2.19       +0.03           +0.01
   phi-FD  kappa   4.088e+03   4.556e+03      1.11       +0.00           +0.00
     cut-cell L2   2.463e-03   7.902e-03      3.21       +0.00           +0.01
  cut-cell kappa   3.520e+03   4.849e+04     13.78       -0.20           -0.11

smallest wetted cell theta in [1.30e-08, 1.30e-02]

% --- kappa vs smallest cut, phi-FD and cut-cell ---
% phi-FD
\addplot[only marks,mark=x,mark size=1.5pt,color=blue] coordinates {(1.171e-04,4.199e+03)(2.148e-04,4.133e+03)(3.969e-04,4.152e+03)(4.903e-04,4.174e+03)(5.669e-04,4.359e+03)(8.008e-04,4.153e+03)(1.202e-03,4.304e+03)(1.410e-03,4.321e+03)(1.839e-03,4.148e+03)(2.119e-03,4.135e+03)(2.345e-03,4.332e+03)(2.769e-03,4.088e+03)(3.493e-03,4.249e+03)(3.914e-03,4.419e+03)(4.356e-03,4.289e+03)(4.851e-03,4.556e+03)(5.615e-03,4.227e+03)(6.206e-03,4.245e+03)(7.044e-03,4.101e+03)(7.885e-03,4.271e+03)(8.412e-03,4.147e+03)(9.484e-03,4.269e+03)(1.134e-02,4.321e+03)(1.294e-02,4.094e+03)(1.467e-02,4.164e+03)(1.661e-02,4.195e+03)(1.806e-02,4.493e+03)(2.122e-02,4.267e+03)(2.372e-02,4.344e+03)(2.644e-02,4.311e+03)(3.042e-02,4.310e+03)(3.287e-02,4.237e+03)(3.703e-02,4.123e+03)(4.233e-02,4.355e+03)(4.837e-02,4.267e+03)(5.380e-02,4.330e+03)(6.392e-02,4.418e+03)(7.086e-02,4.269e+03)(7.563e-02,4.161e+03)(8.776e-02,4.212e+03)};
% cut-cell
\addplot[only marks,mark=square,mark size=1pt,color=red] coordinates {(1.171e-04,4.849e+04)(2.148e-04,1.255e+04)(3.969e-04,4.054e+03)(4.903e-04,1.780e+04)(5.669e-04,4.263e+03)(8.008e-04,1.106e+04)(1.202e-03,3.651e+03)(1.410e-03,5.855e+03)(1.839e-03,3.653e+03)(2.119e-03,4.487e+03)(2.345e-03,3.601e+03)(2.769e-03,3.621e+03)(3.493e-03,3.526e+03)(3.914e-03,3.679e+03)(4.356e-03,3.710e+03)(4.851e-03,3.704e+03)(5.615e-03,3.605e+03)(6.206e-03,3.595e+03)(7.044e-03,3.590e+03)(7.885e-03,3.649e+03)(8.412e-03,3.595e+03)(9.484e-03,3.534e+03)(1.134e-02,3.586e+03)(1.294e-02,3.576e+03)(1.467e-02,3.722e+03)(1.661e-02,3.520e+03)(1.806e-02,3.656e+03)(2.122e-02,3.643e+03)(2.372e-02,3.588e+03)(2.644e-02,3.689e+03)(3.042e-02,3.695e+03)(3.287e-02,3.535e+03)(3.703e-02,3.557e+03)(4.233e-02,3.602e+03)(4.837e-02,3.566e+03)(5.380e-02,3.533e+03)(6.392e-02,3.524e+03)(7.086e-02,3.590e+03)(7.563e-02,3.536e+03)(8.776e-02,3.575e+03)};

% --- L2 error vs smallest cut ---
% phi-FD
\addplot[only marks,mark=x,mark size=1.5pt,color=blue] coordinates {(1.171e-04,1.183e-02)(2.148e-04,1.070e-02)(3.969e-04,6.918e-03)(4.903e-04,6.320e-03)(5.669e-04,7.508e-03)(8.008e-04,7.592e-03)(1.202e-03,8.792e-03)(1.410e-03,7.451e-03)(1.839e-03,7.395e-03)(2.119e-03,1.149e-02)(2.345e-03,1.199e-02)(2.769e-03,7.773e-03)(3.493e-03,1.212e-02)(3.914e-03,1.207e-02)(4.356e-03,8.147e-03)(4.851e-03,6.847e-03)(5.615e-03,7.584e-03)(6.206e-03,7.381e-03)(7.044e-03,9.333e-03)(7.885e-03,8.245e-03)(8.412e-03,1.325e-02)(9.484e-03,1.111e-02)(1.134e-02,7.216e-03)(1.294e-02,1.165e-02)(1.467e-02,7.565e-03)(1.661e-02,1.273e-02)(1.806e-02,1.093e-02)(2.122e-02,8.435e-03)(2.372e-02,7.423e-03)(2.644e-02,1.114e-02)(3.042e-02,1.289e-02)(3.287e-02,7.915e-03)(3.703e-02,1.125e-02)(4.233e-02,1.037e-02)(4.837e-02,8.682e-03)(5.380e-02,1.047e-02)(6.392e-02,1.382e-02)(7.086e-02,7.971e-03)(7.563e-02,1.150e-02)(8.776e-02,7.262e-03)};
% cut-cell
\addplot[only marks,mark=square,mark size=1pt,color=red] coordinates {(1.171e-04,4.889e-03)(2.148e-04,7.902e-03)(3.969e-04,3.413e-03)(4.903e-04,5.025e-03)(5.669e-04,5.338e-03)(8.008e-04,6.583e-03)(1.202e-03,6.105e-03)(1.410e-03,6.594e-03)(1.839e-03,4.978e-03)(2.119e-03,2.463e-03)(2.345e-03,5.027e-03)(2.769e-03,7.029e-03)(3.493e-03,6.544e-03)(3.914e-03,4.426e-03)(4.356e-03,4.617e-03)(4.851e-03,4.487e-03)(5.615e-03,3.985e-03)(6.206e-03,3.452e-03)(7.044e-03,3.370e-03)(7.885e-03,5.888e-03)(8.412e-03,4.125e-03)(9.484e-03,6.152e-03)(1.134e-02,4.367e-03)(1.294e-02,4.627e-03)(1.467e-02,3.305e-03)(1.661e-02,6.271e-03)(1.806e-02,4.342e-03)(2.122e-02,5.728e-03)(2.372e-02,4.613e-03)(2.644e-02,4.717e-03)(3.042e-02,4.172e-03)(3.287e-02,7.290e-03)(3.703e-02,5.371e-03)(4.233e-02,5.690e-03)(4.837e-02,6.030e-03)(5.380e-02,4.828e-03)(6.392e-02,6.124e-03)(7.086e-02,4.449e-03)(7.563e-02,5.814e-03)(8.776e-02,6.701e-03)};

saved compare_cutsize.png and compare_cutsize.dat
