40 geometries, h = 0.0500, cut range [1.17e-04, 8.78e-02]

 min|phi|/h     L2 near     L2 safe           h4         norm         safe
  1.171e-04   1.096e-02   1.183e-02    5.754e+05    5.106e+04    4.199e+03  drift= 1.1e-13
  2.148e-04   1.055e-02   1.070e-02    9.402e+04    1.526e+04    4.133e+03  drift= 5.4e-13
  3.969e-04   5.587e-03   6.918e-03    3.836e+05    6.898e+04    4.152e+03  drift= 8.3e-13
  4.903e-04   6.740e-03   6.320e-03    6.365e+04    6.846e+04    4.174e+03  drift= 2.7e-12
  5.669e-04   6.225e-03   7.508e-03    2.804e+05    6.355e+04    4.359e+03  drift= 1.5e-12
  8.008e-04   7.296e-03   7.592e-03    4.195e+04    4.686e+04    4.153e+03  drift= 1.0e-12
  1.202e-03   9.035e-03   8.792e-03    1.542e+04    5.442e+03    4.304e+03  drift= 8.4e-14
  1.410e-03   7.345e-03   7.451e-03    1.639e+04    5.611e+03    4.321e+03  drift= 1.8e-14
  1.839e-03   6.699e-03   7.395e-03    9.303e+04    2.298e+04    4.148e+03  drift= 2.6e-12
  2.119e-03   1.089e-02   1.149e-02    2.875e+04    2.496e+04    4.135e+03  drift= 3.5e-13
  2.345e-03   1.101e-02   1.199e-02    1.328e+05    1.386e+04    4.332e+03  drift= 1.2e-13
  2.769e-03   6.889e-03   7.773e-03    6.355e+04    1.515e+04    4.088e+03  drift= 1.3e-13
  3.493e-03   1.251e-02   1.212e-02    8.487e+04    5.830e+03    4.249e+03  drift= 5.7e-14
  3.914e-03   1.012e-02   1.207e-02    7.811e+04    7.045e+03    4.419e+03  drift= 2.8e-14
  4.356e-03   6.920e-03   8.147e-03    1.971e+04    6.241e+03    4.289e+03  drift= 3.0e-13
  4.851e-03   6.253e-03   6.847e-03    2.937e+04    7.138e+03    4.556e+03  drift= 1.2e-13
  5.615e-03   6.671e-03   7.584e-03    1.870e+04    1.348e+04    4.227e+03  drift= 2.2e-13
  6.206e-03   7.057e-03   7.381e-03    3.213e+04    8.186e+03    4.245e+03  drift= 3.0e-13
  7.044e-03   9.214e-03   9.333e-03    3.241e+04    9.967e+03    4.101e+03  drift= 2.1e-13
  7.885e-03   6.772e-03   8.245e-03    2.296e+04    4.989e+03    4.271e+03  drift= 1.9e-13
  8.412e-03   1.406e-02   1.325e-02    2.459e+04    6.668e+03    4.147e+03  drift= 9.9e-14
  9.484e-03   1.155e-02   1.111e-02    1.903e+04    4.512e+03    4.269e+03  drift= 2.6e-14
  1.134e-02   6.539e-03   7.216e-03    1.832e+04    4.596e+03    4.321e+03  drift= 1.2e-14
  1.294e-02   1.139e-02   1.165e-02    1.115e+04    4.120e+03    4.094e+03  drift= 8.2e-14
  1.467e-02   6.118e-03   7.565e-03    1.215e+04    4.507e+03    4.164e+03  drift= 2.8e-13
  1.661e-02   1.353e-02   1.273e-02    1.543e+04    4.839e+03    4.195e+03  drift= 3.6e-14
  1.806e-02   9.242e-03   1.093e-02    1.319e+04    4.518e+03    4.493e+03  drift= 1.1e-13
  2.122e-02   6.901e-03   8.435e-03    1.072e+04    5.069e+03    4.267e+03  drift= 1.7e-13
  2.372e-02   6.848e-03   7.423e-03    1.085e+04    5.185e+03    4.344e+03  drift= 4.7e-14
  2.644e-02   1.039e-02   1.114e-02    9.418e+03    4.281e+03    4.311e+03  drift= 1.9e-13
  3.042e-02   1.237e-02   1.289e-02    1.083e+04    4.312e+03    4.310e+03  drift= 1.6e-14
  3.287e-02   7.705e-03   7.915e-03    1.048e+04    4.231e+03    4.237e+03  drift= 1.9e-15
  3.703e-02   1.164e-02   1.125e-02    1.123e+04    4.400e+03    4.123e+03  drift= 9.1e-14
  4.233e-02   1.013e-02   1.037e-02    7.006e+03    4.348e+03    4.355e+03  drift= 4.6e-14
  4.837e-02   8.102e-03   8.682e-03    9.373e+03    4.280e+03    4.267e+03  drift= 2.3e-13
  5.380e-02   1.010e-02   1.047e-02    1.325e+04    4.257e+03    4.330e+03  drift= 5.3e-14
  6.392e-02   1.358e-02   1.382e-02    8.693e+03    4.412e+03    4.418e+03  drift= 9.7e-14
  7.086e-02   7.910e-03   7.971e-03    9.835e+03    4.260e+03    4.269e+03  drift= 1.0e-13
  7.563e-02   1.162e-02   1.150e-02    1.126e+04    4.189e+03    4.161e+03  drift= 1.0e-15
  8.776e-02   7.109e-03   7.262e-03    1.118e+04    4.195e+03    4.212e+03  drift= 2.8e-14

                           min         max   max/min  slope in s
  uniform $h^{-4}$   7.006e+03   5.754e+05     82.13       -0.54
    row-normalized   4.120e+03   6.898e+04     16.74       -0.43
 + $\alpha_0$ rule   4.088e+03   4.556e+03      1.11       +0.00
     scaling drift   1.045e-15   2.727e-12   (relative L2 difference between the h^-4 and the normalized rows)
        L2 nearest   5.587e-03   1.406e-02      2.52       +0.03
    L2 alpha0 rule   6.320e-03   1.382e-02      2.19       +0.03

% --- fig:cond(a): L2 error vs smallest cut ---
% nearest alpha0
\addplot[only marks,mark=*,mark size=1pt,color=blue] coordinates {(1.171e-04,1.096e-02)(2.148e-04,1.055e-02)(3.969e-04,5.587e-03)(4.903e-04,6.740e-03)(5.669e-04,6.225e-03)(8.008e-04,7.296e-03)(1.202e-03,9.035e-03)(1.410e-03,7.345e-03)(1.839e-03,6.699e-03)(2.119e-03,1.089e-02)(2.345e-03,1.101e-02)(2.769e-03,6.889e-03)(3.493e-03,1.251e-02)(3.914e-03,1.012e-02)(4.356e-03,6.920e-03)(4.851e-03,6.253e-03)(5.615e-03,6.671e-03)(6.206e-03,7.057e-03)(7.044e-03,9.214e-03)(7.885e-03,6.772e-03)(8.412e-03,1.406e-02)(9.484e-03,1.155e-02)(1.134e-02,6.539e-03)(1.294e-02,1.139e-02)(1.467e-02,6.118e-03)(1.661e-02,1.353e-02)(1.806e-02,9.242e-03)(2.122e-02,6.901e-03)(2.372e-02,6.848e-03)(2.644e-02,1.039e-02)(3.042e-02,1.237e-02)(3.287e-02,7.705e-03)(3.703e-02,1.164e-02)(4.233e-02,1.013e-02)(4.837e-02,8.102e-03)(5.380e-02,1.010e-02)(6.392e-02,1.358e-02)(7.086e-02,7.910e-03)(7.563e-02,1.162e-02)(8.776e-02,7.109e-03)};
% alpha0 rule
\addplot[only marks,mark=o,mark size=1pt,color=black] coordinates {(1.171e-04,1.183e-02)(2.148e-04,1.070e-02)(3.969e-04,6.918e-03)(4.903e-04,6.320e-03)(5.669e-04,7.508e-03)(8.008e-04,7.592e-03)(1.202e-03,8.792e-03)(1.410e-03,7.451e-03)(1.839e-03,7.395e-03)(2.119e-03,1.149e-02)(2.345e-03,1.199e-02)(2.769e-03,7.773e-03)(3.493e-03,1.212e-02)(3.914e-03,1.207e-02)(4.356e-03,8.147e-03)(4.851e-03,6.847e-03)(5.615e-03,7.584e-03)(6.206e-03,7.381e-03)(7.044e-03,9.333e-03)(7.885e-03,8.245e-03)(8.412e-03,1.325e-02)(9.484e-03,1.111e-02)(1.134e-02,7.216e-03)(1.294e-02,1.165e-02)(1.467e-02,7.565e-03)(1.661e-02,1.273e-02)(1.806e-02,1.093e-02)(2.122e-02,8.435e-03)(2.372e-02,7.423e-03)(2.644e-02,1.114e-02)(3.042e-02,1.289e-02)(3.287e-02,7.915e-03)(3.703e-02,1.125e-02)(4.233e-02,1.037e-02)(4.837e-02,8.682e-03)(5.380e-02,1.047e-02)(6.392e-02,1.382e-02)(7.086e-02,7.971e-03)(7.563e-02,1.150e-02)(8.776e-02,7.262e-03)};

% --- fig:cond(b): condition number vs smallest cut ---
% uniform $h^{-4}$
\addplot[only marks,mark=*,mark size=1pt,color=red] coordinates {(1.171e-04,5.754e+05)(2.148e-04,9.402e+04)(3.969e-04,3.836e+05)(4.903e-04,6.365e+04)(5.669e-04,2.804e+05)(8.008e-04,4.195e+04)(1.202e-03,1.542e+04)(1.410e-03,1.639e+04)(1.839e-03,9.303e+04)(2.119e-03,2.875e+04)(2.345e-03,1.328e+05)(2.769e-03,6.355e+04)(3.493e-03,8.487e+04)(3.914e-03,7.811e+04)(4.356e-03,1.971e+04)(4.851e-03,2.937e+04)(5.615e-03,1.870e+04)(6.206e-03,3.213e+04)(7.044e-03,3.241e+04)(7.885e-03,2.296e+04)(8.412e-03,2.459e+04)(9.484e-03,1.903e+04)(1.134e-02,1.832e+04)(1.294e-02,1.115e+04)(1.467e-02,1.215e+04)(1.661e-02,1.543e+04)(1.806e-02,1.319e+04)(2.122e-02,1.072e+04)(2.372e-02,1.085e+04)(2.644e-02,9.418e+03)(3.042e-02,1.083e+04)(3.287e-02,1.048e+04)(3.703e-02,1.123e+04)(4.233e-02,7.006e+03)(4.837e-02,9.373e+03)(5.380e-02,1.325e+04)(6.392e-02,8.693e+03)(7.086e-02,9.835e+03)(7.563e-02,1.126e+04)(8.776e-02,1.118e+04)};
% row-normalized
\addplot[only marks,mark=o,mark size=1pt,color=black] coordinates {(1.171e-04,5.106e+04)(2.148e-04,1.526e+04)(3.969e-04,6.898e+04)(4.903e-04,6.846e+04)(5.669e-04,6.355e+04)(8.008e-04,4.686e+04)(1.202e-03,5.442e+03)(1.410e-03,5.611e+03)(1.839e-03,2.298e+04)(2.119e-03,2.496e+04)(2.345e-03,1.386e+04)(2.769e-03,1.515e+04)(3.493e-03,5.830e+03)(3.914e-03,7.045e+03)(4.356e-03,6.241e+03)(4.851e-03,7.138e+03)(5.615e-03,1.348e+04)(6.206e-03,8.186e+03)(7.044e-03,9.967e+03)(7.885e-03,4.989e+03)(8.412e-03,6.668e+03)(9.484e-03,4.512e+03)(1.134e-02,4.596e+03)(1.294e-02,4.120e+03)(1.467e-02,4.507e+03)(1.661e-02,4.839e+03)(1.806e-02,4.518e+03)(2.122e-02,5.069e+03)(2.372e-02,5.185e+03)(2.644e-02,4.281e+03)(3.042e-02,4.312e+03)(3.287e-02,4.231e+03)(3.703e-02,4.400e+03)(4.233e-02,4.348e+03)(4.837e-02,4.280e+03)(5.380e-02,4.257e+03)(6.392e-02,4.412e+03)(7.086e-02,4.260e+03)(7.563e-02,4.189e+03)(8.776e-02,4.195e+03)};
% + $\alpha_0$ rule
\addplot[only marks,mark=x,mark size=1pt,color=blue] coordinates {(1.171e-04,4.199e+03)(2.148e-04,4.133e+03)(3.969e-04,4.152e+03)(4.903e-04,4.174e+03)(5.669e-04,4.359e+03)(8.008e-04,4.153e+03)(1.202e-03,4.304e+03)(1.410e-03,4.321e+03)(1.839e-03,4.148e+03)(2.119e-03,4.135e+03)(2.345e-03,4.332e+03)(2.769e-03,4.088e+03)(3.493e-03,4.249e+03)(3.914e-03,4.419e+03)(4.356e-03,4.289e+03)(4.851e-03,4.556e+03)(5.615e-03,4.227e+03)(6.206e-03,4.245e+03)(7.044e-03,4.101e+03)(7.885e-03,4.271e+03)(8.412e-03,4.147e+03)(9.484e-03,4.269e+03)(1.134e-02,4.321e+03)(1.294e-02,4.094e+03)(1.467e-02,4.164e+03)(1.661e-02,4.195e+03)(1.806e-02,4.493e+03)(2.122e-02,4.267e+03)(2.372e-02,4.344e+03)(2.644e-02,4.311e+03)(3.042e-02,4.310e+03)(3.287e-02,4.237e+03)(3.703e-02,4.123e+03)(4.233e-02,4.355e+03)(4.837e-02,4.267e+03)(5.380e-02,4.330e+03)(6.392e-02,4.418e+03)(7.086e-02,4.269e+03)(7.563e-02,4.161e+03)(8.776e-02,4.212e+03)};

saved sensitivity_kappa.png and sensitivity_kappa.dat
